20706b0455c2
*** Found local files:
***   * /opt/airflow/logs/dag_id=hiring_lineal/run_id=manual__2025-10-27T09:48:20.799383+00:00/task_id=gradio_interface/attempt=1.log
*** Found logs served from host http://20706b0455c2:8793/log/dag_id=hiring_lineal/run_id=manual__2025-10-27T09:48:20.799383+00:00/task_id=gradio_interface/attempt=1.log
[2025-10-27T09:49:02.723+0000] {taskinstance.py:1979} INFO - Dependencies all met for dep_context=non-requeueable deps ti=<TaskInstance: hiring_lineal.gradio_interface manual__2025-10-27T09:48:20.799383+00:00 [queued]>
[2025-10-27T09:49:02.730+0000] {taskinstance.py:1979} INFO - Dependencies all met for dep_context=requeueable deps ti=<TaskInstance: hiring_lineal.gradio_interface manual__2025-10-27T09:48:20.799383+00:00 [queued]>
[2025-10-27T09:49:02.730+0000] {taskinstance.py:2193} INFO - Starting attempt 1 of 1
[2025-10-27T09:49:02.749+0000] {taskinstance.py:2217} INFO - Executing <Task(PythonOperator): gradio_interface> on 2025-10-27 09:48:20.799383+00:00
[2025-10-27T09:49:02.766+0000] {standard_task_runner.py:60} INFO - Started process 134 to run task
[2025-10-27T09:49:02.772+0000] {standard_task_runner.py:87} INFO - Running: ['airflow', 'tasks', 'run', 'hiring_lineal', 'gradio_interface', 'manual__2025-10-27T09:48:20.799383+00:00', '--job-id', '7', '--raw', '--subdir', 'DAGS_FOLDER/dag_lineal.py', '--cfg-path', '/tmp/tmp9x3_gjui']
[2025-10-27T09:49:02.777+0000] {standard_task_runner.py:88} INFO - Job 7: Subtask gradio_interface
[2025-10-27T09:49:02.836+0000] {task_command.py:423} INFO - Running <TaskInstance: hiring_lineal.gradio_interface manual__2025-10-27T09:48:20.799383+00:00 [running]> on host 20706b0455c2
[2025-10-27T09:49:02.898+0000] {taskinstance.py:2513} INFO - Exporting env vars: AIRFLOW_CTX_DAG_OWNER='airflow' AIRFLOW_CTX_DAG_ID='hiring_lineal' AIRFLOW_CTX_TASK_ID='gradio_interface' AIRFLOW_CTX_EXECUTION_DATE='2025-10-27T09:48:20.799383+00:00' AIRFLOW_CTX_TRY_NUMBER='1' AIRFLOW_CTX_DAG_RUN_ID='manual__2025-10-27T09:48:20.799383+00:00'
[2025-10-27T09:49:02.908+0000] {logging_mixin.py:188} INFO - Cargando modelo desde: /opt/airflow/2025-10-27/models/hiring_model.joblib para la interfaz de Gradio.
[2025-10-27T09:49:03.024+0000] {logging_mixin.py:188} INFO - Lanzando interfaz de Gradio en http://127.0.0.1:7860 (o similar)
[2025-10-27T09:49:03.108+0000] {logging_mixin.py:188} INFO - Running on local URL:  http://127.0.0.1:7860
[2025-10-27T09:49:03.139+0000] {_client.py:1025} INFO - HTTP Request: GET http://127.0.0.1:7860/startup-events "HTTP/1.1 200 OK"
[2025-10-27T09:49:03.158+0000] {_client.py:1025} INFO - HTTP Request: HEAD http://127.0.0.1:7860/ "HTTP/1.1 200 OK"
[2025-10-27T09:49:03.466+0000] {_client.py:1025} INFO - HTTP Request: GET https://checkip.amazonaws.com/ "HTTP/1.1 200 "
[2025-10-27T09:49:03.892+0000] {_client.py:1025} INFO - HTTP Request: GET https://api.gradio.app/pkg-version "HTTP/1.1 200 OK"
[2025-10-27T09:49:03.893+0000] {logging_mixin.py:188} INFO - IMPORTANT: You are using gradio version 4.19.2, however version 4.44.1 is available, please upgrade.
[2025-10-27T09:49:03.894+0000] {logging_mixin.py:188} INFO - --------
[2025-10-27T09:49:04.026+0000] {_client.py:1025} INFO - HTTP Request: GET https://api.gradio.app/v2/tunnel-request "HTTP/1.1 200 OK"
[2025-10-27T09:49:04.485+0000] {_client.py:1025} INFO - HTTP Request: POST https://api.gradio.app/gradio-initiated-analytics/ "HTTP/1.1 200 OK"
[2025-10-27T09:49:04.720+0000] {_client.py:1025} INFO - HTTP Request: GET https://cdn-media.huggingface.co/frpc-gradio-0.2/frpc_linux_amd64 "HTTP/1.1 200 OK"
[2025-10-27T09:49:08.293+0000] {logging_mixin.py:188} INFO - Running on public URL: https://f96a606e3121dbf2f2.gradio.live
[2025-10-27T09:49:08.294+0000] {logging_mixin.py:188} INFO - 
This share link expires in 72 hours. For free permanent hosting and GPU upgrades, run `gradio deploy` from Terminal to deploy to Spaces (https://huggingface.co/spaces)
[2025-10-27T09:49:09.419+0000] {_client.py:1025} INFO - HTTP Request: POST https://api.gradio.app/gradio-launched-telemetry/ "HTTP/1.1 200 OK"
[2025-10-27T09:50:44.815+0000] {logging_mixin.py:188} INFO - Error durante la predicción: 'NoneType' object has no attribute 'name'
[2025-10-27T09:51:43.797+0000] {logging_mixin.py:188} INFO - Predicción bruta: [0]
